\BOOKMARK [1][-]{section.1}{\376\377\121\231\127\050\122\115\227\142}{}% 1
\BOOKMARK [1][-]{section.2}{\376\377\225\356\230\230\133\232\116\111\116\016\116\323\136\223\116\055\166\204\145\160\133\146\133\371\214\141}{}% 2
\BOOKMARK [2][-]{subsection.2.1}{\376\377\116\373\122\241\146\057\116\300\116\110}{section.2}% 3
\BOOKMARK [2][-]{subsection.2.2}{\376\377\150\067\147\054\137\040\221\317\122\060\136\225\225\177\116\300\116\110\150\067}{section.2}% 4
\BOOKMARK [2][-]{subsection.2.3}{\376\377\176\337\116\000\152\041\127\213\232\250\147\266}{section.2}% 5
\BOOKMARK [2][-]{subsection.2.4}{\376\377\176\337\116\000\166\321\167\143\230\171}{section.2}% 6
\BOOKMARK [2][-]{subsection.2.5}{\376\377\176\337\116\000\166\204\133\371\237\120\147\103\221\315\214\003\136\246}{section.2}% 7
\BOOKMARK [1][-]{section.3}{\376\377\121\155\116\052\127\372\176\277\145\271\154\325}{}% 8
\BOOKMARK [2][-]{subsection.3.1}{\376\377\000S\000o\000u\000r\000c\000e\000\040\000O\000n\000l\000y\377\032\123\352\120\132\156\220\127\337\166\321\167\143}{section.3}% 9
\BOOKMARK [2][-]{subsection.3.2}{\376\377\000C\000O\000R\000A\000L\377\032\133\371\237\120\116\214\226\066\176\337\213\241\221\317}{section.3}% 10
\BOOKMARK [2][-]{subsection.3.3}{\376\377\000D\000A\000N\377\032\165\050\000\040\000M\000K\000-\000M\000M\000D\000\040\133\371\237\120\217\271\177\030\122\006\136\003}{section.3}% 11
\BOOKMARK [2][-]{subsection.3.4}{\376\377\000D\000A\000N\000N\377\032\127\337\133\371\142\227\133\146\116\140}{section.3}% 12
\BOOKMARK [2][-]{subsection.3.5}{\376\377\000C\000D\000A\000N\377\032\142\212\174\173\122\053\147\141\116\366\116\137\220\001\217\333\133\371\142\227\126\150}{section.3}% 13
\BOOKMARK [2][-]{subsection.3.6}{\376\377\000D\000e\000e\000p\000J\000D\000O\000T\377\032\200\124\124\010\162\171\137\201\215\335\171\273\116\016\174\173\122\053\116\343\116\367\166\204\147\000\117\030\117\040\217\223}{section.3}% 14
\BOOKMARK [1][-]{section.4}{\376\377\000R\000C\000T\000A\377\032\123\357\227\140\140\047\225\350\143\247\166\204\174\173\147\141\116\366\145\366\136\217\201\352\220\002\136\224}{}% 15
\BOOKMARK [2][-]{subsection.4.1}{\376\377\121\110\167\013\145\164\117\123\140\035\215\357}{section.4}% 16
\BOOKMARK [2][-]{subsection.4.2}{\376\377\145\131\136\010\177\121\176\334\116\016\137\061\137\072\123\314\211\306\126\376}{section.4}% 17
\BOOKMARK [2][-]{subsection.4.3}{\376\377\123\357\227\140\140\047\213\304\122\006\377\032\126\333\116\052\122\006\221\317\116\000\215\167\142\225\171\150}{section.4}% 18
\BOOKMARK [2][-]{subsection.4.4}{\376\377\225\350\143\247\147\072\122\066\377\032\116\015\146\057\121\150\134\100\226\010\120\074\377\014\200\014\146\057\143\011\174\173\173\133\000\040\000t\000o\000p\000\040\153\324\117\213}{section.4}% 19
\BOOKMARK [2][-]{subsection.4.5}{\376\377\127\372\170\100\133\371\237\120\122\006\145\057\116\016\000\040\000M\000C\000C}{section.4}% 20
\BOOKMARK [2][-]{subsection.4.6}{\376\377\117\052\150\007\173\176\143\137\131\061}{section.4}% 21
\BOOKMARK [2][-]{subsection.4.7}{\376\377\123\237\127\213\213\260\137\306\377\032\116\323\136\223\221\314\166\204\162\110\147\054\153\324\213\272\145\207\203\111\172\077\146\364\121\167\117\123}{section.4}% 22
\BOOKMARK [2][-]{subsection.4.8}{\376\377\116\000\201\364\140\047\060\001\123\112\123\357\227\140\150\067\147\054\124\214\116\015\123\357\227\140\150\067\147\054}{section.4}% 23
\BOOKMARK [2][-]{subsection.4.9}{\376\377\213\376\172\013\123\026\140\073\166\356\150\007}{section.4}% 24
\BOOKMARK [2][-]{subsection.4.10}{\376\377\116\000\153\145\213\255\176\303\116\113\124\016\217\330\117\032\123\321\165\037\116\300\116\110}{section.4}% 25
\BOOKMARK [1][-]{section.5}{\376\377\142\212\116\003\171\315\145\271\154\325\145\076\127\050\116\000\137\040\126\376\221\314\164\006\211\343}{}% 26
\BOOKMARK [1][-]{section.6}{\376\377\176\323\213\355}{}% 27
