\BOOKMARK [0][-]{chapter*.1}{\376\377\144\130\000\040\211\201}{}% 1
\BOOKMARK [0][-]{chapter*.2}{\376\377\000A\000B\000S\000T\000R\000A\000C\000T}{}% 2
\BOOKMARK [0][-]{chapter*.3}{\376\377\166\356\000\040\137\125}{}% 3
\BOOKMARK [0][-]{chapter.1}{\376\377\173\054\116\000\172\340\000\040\000\040\176\352\213\272}{}% 4
\BOOKMARK [1][-]{section.1.1}{\376\377\0001\000.\0001\000\040\170\024\172\166\200\314\146\157\116\016\141\017\116\111}{chapter.1}% 5
\BOOKMARK [1][-]{section.1.2}{\376\377\0001\000.\0002\000\040\126\375\121\205\131\026\170\024\172\166\163\260\162\266}{chapter.1}% 6
\BOOKMARK [2][-]{subsection.1.2.1}{\376\377\0001\000.\0002\000.\0001\000\040\135\345\116\032\217\307\172\013\145\105\226\234\213\312\145\255\170\024\172\166\163\260\162\266}{section.1.2}% 7
\BOOKMARK [2][-]{subsection.1.2.2}{\376\377\0001\000.\0002\000.\0002\000\040\217\301\171\373\133\146\116\140\170\024\172\166\163\260\162\266}{section.1.2}% 8
\BOOKMARK [2][-]{subsection.1.2.3}{\376\377\0001\000.\0002\000.\0003\000\040\230\206\127\337\201\352\220\002\136\224\170\024\172\166\163\260\162\266}{section.1.2}% 9
\BOOKMARK [1][-]{section.1.3}{\376\377\0001\000.\0003\000\040\126\375\121\205\131\026\170\024\172\166\163\260\162\266\140\073\176\323}{chapter.1}% 10
\BOOKMARK [1][-]{section.1.4}{\376\377\0001\000.\0004\000\040\150\070\137\303\143\021\142\030\116\016\122\033\145\260\160\271}{chapter.1}% 11
\BOOKMARK [1][-]{section.1.5}{\376\377\0001\000.\0005\000\040\170\024\172\166\142\200\147\057\215\357\176\277}{chapter.1}% 12
\BOOKMARK [1][-]{section.1.6}{\376\377\0001\000.\0006\000\040\213\272\145\207\176\323\147\204\133\211\143\222}{chapter.1}% 13
\BOOKMARK [0][-]{chapter.2}{\376\377\173\054\116\214\172\340\000\040\000\040\215\350\135\345\121\265\230\206\127\337\201\352\220\002\136\224\145\105\226\234\213\312\145\255\127\372\147\054\145\271\154\325}{}% 14
\BOOKMARK [1][-]{section.2.1}{\376\377\0002\000.\0001\000\040\137\025\212\000}{chapter.2}% 15
\BOOKMARK [1][-]{section.2.2}{\376\377\0002\000.\0002\000\040\127\372\116\216\200\124\124\010\122\006\136\003\147\000\117\030\117\040\217\223\166\204\230\206\127\337\201\352\220\002\136\224\145\271\154\325}{chapter.2}% 16
\BOOKMARK [2][-]{subsection.2.2.1}{\376\377\0002\000.\0002\000.\0001\000\040\155\361\136\246\200\124\124\010\122\006\136\003\147\000\117\030\117\040\217\223\145\271\154\325}{section.2.2}% 17
\BOOKMARK [2][-]{subsection.2.2.2}{\376\377\0002\000.\0002\000.\0002\000\040\131\032\156\220\122\240\147\103\200\124\124\010\122\006\136\003\147\000\117\030\117\040\217\223\145\271\154\325}{section.2.2}% 18
\BOOKMARK [1][-]{section.2.3}{\376\377\0002\000.\0003\000\040\127\372\116\216\123\167\171\357\137\017\145\366\225\364\136\217\122\027\230\206\127\337\201\352\220\002\136\224\166\204\217\301\171\373\213\312\145\255\145\271\154\325}{chapter.2}% 19
\BOOKMARK [2][-]{subsection.2.3.1}{\376\377\0002\000.\0003\000.\0001\000\040\123\167\171\357\137\017\145\366\225\364\136\217\122\027\162\171\137\201\143\320\123\326\145\271\154\325}{section.2.3}% 20
\BOOKMARK [2][-]{subsection.2.3.2}{\376\377\0002\000.\0003\000.\0002\000\040\127\372\116\216\230\206\127\337\133\371\142\227\133\146\116\140\166\204\162\171\137\201\133\371\237\120\145\271\154\325}{section.2.3}% 21
\BOOKMARK [1][-]{section.2.4}{\376\377\0002\000.\0004\000\040\147\054\172\340\134\017\176\323}{chapter.2}% 22
\BOOKMARK [0][-]{chapter.3}{\376\377\173\054\116\011\172\340\000\040\000\040\127\372\116\216\145\366\136\217\123\237\127\213\227\136\136\163\210\141\200\124\124\010\122\006\136\003\133\371\237\120\166\204\123\125\156\220\230\206\127\337\201\352\220\002\136\224\145\105\226\234\213\312\145\255\145\271\154\325}{}% 23
\BOOKMARK [1][-]{section.3.1}{\376\377\0003\000.\0001\000\040\137\025\212\000}{chapter.3}% 24
\BOOKMARK [1][-]{section.3.2}{\376\377\0003\000.\0002\000\040\145\366\136\217\123\237\127\213\227\136\136\163\210\141\200\124\124\010\122\006\136\003\133\371\237\120\127\372\147\054\123\237\164\006}{chapter.3}% 25
\BOOKMARK [2][-]{subsection.3.2.1}{\376\377\0003\000.\0002\000.\0001\000\040\227\136\136\163\210\141\147\000\117\030\117\040\217\223\133\371\237\120\123\237\164\006}{section.3.2}% 26
\BOOKMARK [2][-]{subsection.3.2.2}{\376\377\0003\000.\0002\000.\0002\000\040\156\220\127\337\174\173\122\053\123\237\127\213\176\246\147\137\123\237\164\006}{section.3.2}% 27
\BOOKMARK [2][-]{subsection.3.2.3}{\376\377\0003\000.\0002\000.\0003\000\040\145\366\225\364\136\217\122\027\176\337\213\241\116\343\116\367\147\204\136\372\123\237\164\006}{section.3.2}% 28
\BOOKMARK [1][-]{section.3.3}{\376\377\0003\000.\0003\000\040\127\372\116\216\145\366\136\217\123\237\127\213\227\136\136\163\210\141\200\124\124\010\122\006\136\003\133\371\237\120\166\204\213\312\145\255\152\041\127\213\147\204\136\372}{chapter.3}% 29
\BOOKMARK [2][-]{subsection.3.3.1}{\376\377\0003\000.\0003\000.\0001\000\040\123\125\156\220\215\350\135\345\121\265\213\312\145\255\225\356\230\230\136\372\152\041}{section.3.3}% 30
\BOOKMARK [2][-]{subsection.3.3.2}{\376\377\0003\000.\0003\000.\0002\000\040\227\136\136\163\210\141\200\124\124\010\117\040\217\223\116\343\116\367\147\204\136\372}{section.3.3}% 31
\BOOKMARK [2][-]{subsection.3.3.3}{\376\377\0003\000.\0003\000.\0003\000\040\156\220\127\337\123\237\127\213\116\016\145\366\136\217\176\337\213\241\176\246\147\137\207\215\124\010}{section.3.3}% 32
\BOOKMARK [2][-]{subsection.3.3.4}{\376\377\0003\000.\0003\000.\0004\000\040\156\220\127\337\166\321\167\143\133\371\153\324\162\171\137\201\133\146\116\140}{section.3.3}% 33
\BOOKMARK [2][-]{subsection.3.3.5}{\376\377\0003\000.\0003\000.\0005\000\040\140\073\117\123\166\356\150\007\121\375\145\160\116\016\173\227\154\325\155\101\172\013}{section.3.3}% 34
\BOOKMARK [1][-]{section.3.4}{\376\377\0003\000.\0004\000\040\147\054\172\340\134\017\176\323}{chapter.3}% 35
\BOOKMARK [0][-]{chapter.4}{\376\377\173\054\126\333\172\340\000\040\000\040\127\372\116\216\131\032\213\301\143\156\177\156\117\341\127\107\210\141\117\052\150\007\173\176\166\204\123\125\156\220\230\206\127\337\201\352\220\002\136\224\145\105\226\234\213\312\145\255\145\271\154\325}{}% 36
\BOOKMARK [1][-]{section.4.1}{\376\377\0004\000.\0001\000\040\137\025\212\000}{chapter.4}% 37
\BOOKMARK [1][-]{section.4.2}{\376\377\0004\000.\0002\000\040\131\032\213\301\143\156\177\156\117\341\127\107\210\141\117\052\150\007\173\176\133\146\116\140\127\372\147\054\123\237\164\006}{chapter.4}% 38
\BOOKMARK [2][-]{subsection.4.2.1}{\376\377\0004\000.\0002\000.\0001\000\040\166\356\150\007\127\337\117\052\150\007\173\176\133\146\116\140\123\237\164\006}{section.4.2}% 39
\BOOKMARK [2][-]{subsection.4.2.2}{\376\377\0004\000.\0002\000.\0002\000\040\145\131\136\010\225\032\160\271\116\016\116\000\201\364\140\047\133\146\116\140\123\237\164\006}{section.4.2}% 40
\BOOKMARK [2][-]{subsection.4.2.3}{\376\377\0004\000.\0002\000.\0003\000\040\174\173\122\053\127\107\210\141\176\246\147\137\123\237\164\006}{section.4.2}% 41
\BOOKMARK [1][-]{section.4.3}{\376\377\0004\000.\0003\000\040\127\372\116\216\131\032\213\301\143\156\177\156\117\341\127\107\210\141\117\052\150\007\173\176\166\204\166\356\150\007\127\337\150\067\147\054\122\051\165\050\173\126\165\145}{chapter.4}% 42
\BOOKMARK [2][-]{subsection.4.3.1}{\376\377\0004\000.\0003\000.\0001\000\040\117\040\217\223\213\355\116\111\122\006\136\003\117\060\213\241}{section.4.3}% 43
\BOOKMARK [2][-]{subsection.4.3.2}{\376\377\0004\000.\0003\000.\0002\000\040\145\131\136\010\230\204\155\113\213\355\116\111\122\006\136\003\117\060\213\241}{section.4.3}% 44
\BOOKMARK [2][-]{subsection.4.3.3}{\376\377\0004\000.\0003\000.\0003\000\040\156\220\127\337\123\237\127\213\213\355\116\111\122\006\136\003\117\060\213\241}{section.4.3}% 45
\BOOKMARK [2][-]{subsection.4.3.4}{\376\377\0004\000.\0003\000.\0004\000\040\131\032\213\301\143\156\116\000\201\364\140\047\173\133\220\011\147\072\122\066}{section.4.3}% 46
\BOOKMARK [2][-]{subsection.4.3.5}{\376\377\0004\000.\0003\000.\0005\000\040\122\250\140\001\177\156\117\341\226\010\120\074\116\016\174\173\122\053\127\107\210\141\147\072\122\066}{section.4.3}% 47
\BOOKMARK [2][-]{subsection.4.3.6}{\376\377\0004\000.\0003\000.\0006\000\040\137\072\137\061\130\236\137\072\116\000\201\364\140\047\176\246\147\137}{section.4.3}% 48
\BOOKMARK [2][-]{subsection.4.3.7}{\376\377\0004\000.\0003\000.\0007\000\040\145\131\136\010\040\023\133\146\165\037\230\204\155\113\207\215\124\010\173\126\165\145}{section.4.3}% 49
\BOOKMARK [2][-]{subsection.4.3.8}{\376\377\0004\000.\0003\000.\0008\000\040\140\073\117\123\166\356\150\007\121\375\145\160\116\016\173\227\154\325\155\101\172\013}{section.4.3}% 50
\BOOKMARK [1][-]{section.4.4}{\376\377\0004\000.\0004\000\040\147\054\172\340\134\017\176\323}{chapter.4}% 51
\BOOKMARK [0][-]{chapter.5}{\376\377\173\054\116\224\172\340\000\040\000\040\127\372\116\216\174\173\147\141\116\366\156\220\127\337\123\357\227\140\140\047\122\240\147\103\166\204\131\032\156\220\230\206\127\337\201\352\220\002\136\224\145\105\226\234\213\312\145\255\145\271\154\325}{}% 52
\BOOKMARK [1][-]{section.5.1}{\376\377\0005\000.\0001\000\040\137\025\212\000}{chapter.5}% 53
\BOOKMARK [1][-]{section.5.2}{\376\377\0005\000.\0002\000\040\174\173\147\141\116\366\156\220\127\337\123\357\227\140\140\047\122\240\147\103\127\372\147\054\123\237\164\006}{chapter.5}% 54
\BOOKMARK [2][-]{subsection.5.2.1}{\376\377\0005\000.\0002\000.\0001\000\040\131\032\156\220\217\301\171\373\116\016\215\037\217\301\171\373\225\356\230\230}{section.5.2}% 55
\BOOKMARK [2][-]{subsection.5.2.2}{\376\377\0005\000.\0002\000.\0002\000\040\156\220\127\337\123\357\227\140\140\047\136\246\221\317\123\237\164\006}{section.5.2}% 56
\BOOKMARK [2][-]{subsection.5.2.3}{\376\377\0005\000.\0002\000.\0003\000\040\174\173\147\141\116\366\156\220\127\337\147\103\221\315\122\006\221\115\123\237\164\006}{section.5.2}% 57
\BOOKMARK [1][-]{section.5.3}{\376\377\0005\000.\0003\000\040\127\372\116\216\174\173\147\141\116\366\156\220\127\337\123\357\227\140\140\047\122\240\147\103\166\204\131\032\156\220\133\371\237\120\173\126\165\145}{chapter.5}% 58
\BOOKMARK [2][-]{subsection.5.3.1}{\376\377\0005\000.\0003\000.\0001\000\040\131\032\156\220\215\350\135\345\121\265\213\312\145\255\225\356\230\230\136\372\152\041}{section.5.3}% 59
\BOOKMARK [2][-]{subsection.5.3.2}{\376\377\0005\000.\0003\000.\0002\000\040\220\020\156\220\200\124\124\010\122\006\136\003\147\000\117\030\117\040\217\223\133\371\237\120}{section.5.3}% 60
\BOOKMARK [2][-]{subsection.5.3.3}{\376\377\0005\000.\0003\000.\0003\000\040\174\173\147\141\116\366\156\220\127\337\123\357\227\140\140\047\167\351\226\065\147\204\136\372}{section.5.3}% 61
\BOOKMARK [2][-]{subsection.5.3.4}{\376\377\0005\000.\0003\000.\0004\000\040\230\206\127\337\133\371\142\227\162\171\137\201\176\246\147\137\116\016\145\131\136\010\121\110\232\214\176\246\147\137}{section.5.3}% 62
\BOOKMARK [2][-]{subsection.5.3.5}{\376\377\0005\000.\0003\000.\0005\000\040\145\131\136\010\121\110\232\214\117\335\142\244\166\204\213\312\145\255\176\323\147\234\207\215\124\010}{section.5.3}% 63
\BOOKMARK [2][-]{subsection.5.3.6}{\376\377\0005\000.\0003\000.\0006\000\040\140\073\117\123\166\356\150\007\121\375\145\160\116\016\173\227\154\325\155\101\172\013}{section.5.3}% 64
\BOOKMARK [1][-]{section.5.4}{\376\377\0005\000.\0004\000\040\147\054\172\340\134\017\176\323}{chapter.5}% 65
\BOOKMARK [0][-]{chapter.6}{\376\377\173\054\121\155\172\340\000\040\000\040\133\236\232\214\213\276\213\241\116\016\176\323\147\234\122\006\147\220}{}% 66
\BOOKMARK [1][-]{section.6.1}{\376\377\0006\000.\0001\000\040\137\025\212\000}{chapter.6}% 67
\BOOKMARK [1][-]{section.6.2}{\376\377\0006\000.\0002\000\040\145\160\143\156\226\306\116\016\133\236\232\214\127\072\146\157}{chapter.6}% 68
\BOOKMARK [1][-]{section.6.3}{\376\377\0006\000.\0003\000\040\123\125\156\220\145\366\136\217\123\237\127\213\227\136\136\163\210\141\200\124\124\010\122\006\136\003\133\371\237\120\133\236\232\214}{chapter.6}% 69
\BOOKMARK [2][-]{subsection.6.3.1}{\376\377\0006\000.\0003\000.\0001\000\040\123\125\156\220\133\236\232\214\176\323\147\234\133\371\153\324}{section.6.3}% 70
\BOOKMARK [2][-]{subsection.6.3.2}{\376\377\0006\000.\0003\000.\0002\000\040\145\366\136\217\123\237\127\213\227\136\136\163\210\141\200\124\124\010\122\006\136\003\133\371\237\120\147\072\122\066\122\006\147\220}{section.6.3}% 71
\BOOKMARK [1][-]{section.6.4}{\376\377\0006\000.\0004\000\040\123\125\156\220\131\032\213\301\143\156\177\156\117\341\127\107\210\141\117\052\150\007\173\176\133\236\232\214}{chapter.6}% 72
\BOOKMARK [2][-]{subsection.6.4.1}{\376\377\0006\000.\0004\000.\0001\000\040\123\125\156\220\133\236\232\214\176\323\147\234\133\371\153\324}{section.6.4}% 73
\BOOKMARK [2][-]{subsection.6.4.2}{\376\377\0006\000.\0004\000.\0002\000\040\116\343\210\150\127\072\146\157\155\367\155\306\167\351\226\065\122\006\147\220}{section.6.4}% 74
\BOOKMARK [2][-]{subsection.6.4.3}{\376\377\0006\000.\0004\000.\0003\000\040\127\337\207\215\124\010\162\171\137\201\123\357\211\306\123\026\122\006\147\220}{section.6.4}% 75
\BOOKMARK [2][-]{subsection.6.4.4}{\376\377\0006\000.\0004\000.\0004\000\040\131\032\213\301\143\156\177\156\117\341\127\107\210\141\117\052\150\007\173\176\147\072\122\066\122\006\147\220}{section.6.4}% 76
\BOOKMARK [1][-]{section.6.5}{\376\377\0006\000.\0005\000\040\131\032\156\220\174\173\147\141\116\366\156\220\127\337\123\357\227\140\140\047\133\236\232\214}{chapter.6}% 77
\BOOKMARK [2][-]{subsection.6.5.1}{\376\377\0006\000.\0005\000.\0001\000\040\131\032\156\220\133\236\232\214\176\323\147\234\133\371\153\324}{section.6.5}% 78
\BOOKMARK [2][-]{subsection.6.5.2}{\376\377\0006\000.\0005\000.\0002\000\040\116\343\210\150\127\072\146\157\155\367\155\306\167\351\226\065\122\006\147\220}{section.6.5}% 79
\BOOKMARK [2][-]{subsection.6.5.3}{\376\377\0006\000.\0005\000.\0003\000\040\127\337\207\215\124\010\162\171\137\201\123\357\211\306\123\026\122\006\147\220}{section.6.5}% 80
\BOOKMARK [2][-]{subsection.6.5.4}{\376\377\0006\000.\0005\000.\0004\000\040\174\173\147\141\116\366\156\220\127\337\123\357\227\140\140\047\147\072\122\066\122\006\147\220}{section.6.5}% 81
\BOOKMARK [1][-]{section.6.6}{\376\377\0006\000.\0006\000\040\116\073\176\277\166\356\150\007\217\276\142\020\116\016\176\374\124\010\122\006\147\220}{chapter.6}% 82
\BOOKMARK [2][-]{subsection.6.6.1}{\376\377\0006\000.\0006\000.\0001\000\040\123\125\156\220\220\022\217\333\116\073\176\277\122\006\147\220}{section.6.6}% 83
\BOOKMARK [2][-]{subsection.6.6.2}{\376\377\0006\000.\0006\000.\0002\000\040\131\032\156\220\220\011\142\351\140\047\217\301\171\373\122\006\147\220}{section.6.6}% 84
\BOOKMARK [2][-]{subsection.6.6.3}{\376\377\0006\000.\0006\000.\0003\000\040\176\337\213\241\146\076\204\127\140\047\232\214\213\301}{section.6.6}% 85
\BOOKMARK [1][-]{section.6.7}{\376\377\0006\000.\0007\000\040\147\054\172\340\134\017\176\323}{chapter.6}% 86
\BOOKMARK [0][-]{chapter.7}{\376\377\173\054\116\003\172\340\000\040\000\040\140\073\176\323\116\016\134\125\147\033}{}% 87
\BOOKMARK [1][-]{section.7.1}{\376\377\0007\000.\0001\000\040\135\345\117\134\140\073\176\323}{chapter.7}% 88
\BOOKMARK [2][-]{subsection.7.1.1}{\376\377\0007\000.\0001\000.\0001\000\040\147\054\145\207\116\073\211\201\170\024\172\166\121\205\133\271}{section.7.1}% 89
\BOOKMARK [2][-]{subsection.7.1.2}{\376\377\0007\000.\0001\000.\0002\000\040\147\054\145\207\116\073\211\201\122\033\145\260\160\271}{section.7.1}% 90
\BOOKMARK [2][-]{subsection.7.1.3}{\376\377\0007\000.\0001\000.\0003\000\040\133\130\127\050\116\015\215\263}{section.7.1}% 91
\BOOKMARK [1][-]{section.7.2}{\376\377\0007\000.\0002\000\040\147\052\147\145\134\125\147\033}{chapter.7}% 92
\BOOKMARK [0][-]{chapter*.26}{\376\377\123\302\200\003\145\207\163\056}{}% 93
\BOOKMARK [0][-]{appendix.A}{\376\377\226\104\137\125\000A\000\040\000\040\213\272\145\207\173\046\123\367\210\150}{}% 94
\BOOKMARK [0][-]{appendix.B}{\376\377\226\104\137\125\000B\000\040\000\040\116\073\176\277\173\227\154\325\123\302\145\160\210\150}{}% 95
\BOOKMARK [1][-]{section.B.1}{\376\377\000B\000.\0001\000\040\123\125\156\220\116\073\176\277\123\302\145\160}{appendix.B}% 96
\BOOKMARK [1][-]{section.B.2}{\376\377\000B\000.\0002\000\040\131\032\156\220\116\073\176\277\123\302\145\160}{appendix.B}% 97
\BOOKMARK [0][-]{appendix*.27}{\376\377\201\364\000\040\214\042}{}% 98
